// Jest Snapshot v1, https://goo.gl/fbAQLP

exports[`Nav Bar Testing Without Logged In User matchesÂ snapshot 1`] = `
<Navbar
  bg="light"
  collapseOnSelect={true}
  expand="lg"
  variant="light"
>
  <NavbarBrand>
    <Link
      className="Nav_brand-name"
      to="/"
    >
      Brella
    </Link>
  </NavbarBrand>
  <NavbarToggle
    aria-controls="responsive-navbar-nav"
    label="Toggle navigation"
  />
  <NavbarCollapse
    className="collapse.navbar-collapse"
    id="responsive-navbar-nav"
    isOpen={false}
  >
    <Nav
      className="ml-auto"
      fill={false}
      justify={false}
      variant="light"
    >
      <ContextConsumer>
        <Component />
      </ContextConsumer>
      <ContextConsumer>
        <Component />
      </ContextConsumer>
    </Nav>
  </NavbarCollapse>
</Navbar>
`;
