// Jest Snapshot v1, https://goo.gl/fbAQLP

exports[`matches snapshot 1`] = `
<div
  className="panelToggleBtn"
>
  <span
    id="adminPanel_toggleBtn"
  >
    &lt;
  </span>
</div>
`;
