// Jest Snapshot v1, https://goo.gl/fbAQLP

exports[`AdminUserView matches snapshot 1`] = `
<AdminUserView
  user={
    Object {
      "current_company": "SpaceX",
      "email": "han@solo.com",
      "first_name": "Han",
      "goals": "Increase salary by 15k",
      "hire_date": "2018-09-01",
      "last_name": "Solo",
      "needs": "Negotiate a raise during annual review",
    }
  }
>
  <div
    className="AdminUserView"
  >
    <div>
      <h4>
        Han
         
        Solo
      </h4>
      <table>
        <tbody>
          <tr>
            <td>
              <b>
                Email:
              </b>
            </td>
            <td>
              han@solo.com
            </td>
          </tr>
          <tr>
            <td>
              <b>
                Company:
              </b>
            </td>
            <td>
              SpaceX
            </td>
          </tr>
          <tr>
            <td>
              <b>
                Hire Date:
              </b>
            </td>
            <td>
              2018-09-01
            </td>
          </tr>
          <tr>
            <td>
              <b>
                Needs:
              </b>
            </td>
            <td>
              Negotiate a raise during annual review
            </td>
          </tr>
          <tr>
            <td>
              <b>
                Goals:
              </b>
            </td>
            <td>
              Increase salary by 15k
            </td>
          </tr>
          <tr>
            <td>
              <b>
                Questions:
              </b>
            </td>
          </tr>
        </tbody>
      </table>
    </div>
  </div>
</AdminUserView>
`;
