// Jest Snapshot v1, https://goo.gl/fbAQLP

exports[`AdminPanel matches snapshot 1`] = `
<AdminPanel>
  <div>
    ...Loading
  </div>
</AdminPanel>
`;
