// Jest Snapshot v1, https://goo.gl/fbAQLP

exports[`AdminNavBar matches snapshot 1`] = `
<AdminNavBar>
  <div
    className="adminNavBar"
    style={
      Object {
        "cursor": "pointer",
      }
    }
  >
    <div
      id="users"
      onClick={[Function]}
    >
       Users
    </div>
    <div
      id="questions"
      onClick={[Function]}
    >
      Questions
    </div>
    <div
      id="invoices"
      onClick={[Function]}
    >
      Invoices
    </div>
    <div
      id="calendar"
      onClick={[Function]}
    >
      Calendar
    </div>
  </div>
</AdminNavBar>
`;
