// Jest Snapshot v1, https://goo.gl/fbAQLP

exports[`matches snapshot 1`] = `
<div>
  <h1
    className="Home-h1"
  >
     Are You paid what you deserve?
  </h1>
  <img
    alt="image1"
    className="Home-stretch"
    src="001.jpg"
  />
</div>
`;
