// Jest Snapshot v1, https://goo.gl/fbAQLP

exports[`matches snapshot after loading 1`] = `
<div
  className="EditPUserForm container border rounded"
  style={
    Object {
      "backgroundColor": "#F4F6F8",
    }
  }
>
  <Row
    tag="div"
  >
    <Col
      md={6}
      tag="div"
      widths={
        Array [
          "xs",
          "sm",
          "md",
          "lg",
          "xl",
        ]
      }
    >
      <h3
        className="text-info"
      >
        User information
      </h3>
    </Col>
    <Col
      align="right"
      md={6}
      sm={
        Object {
          "offset": 0,
          "size": 8,
        }
      }
      tag="div"
      widths={
        Array [
          "xs",
          "sm",
          "md",
          "lg",
          "xl",
        ]
      }
    >
      <i
        className="fas fa-edit text-info"
        style={
          Object {
            "cursor": "pointer",
            "fontSize": "1.1em",
            "marginTop": "1em",
          }
        }
      />
    </Col>
  </Row>
  <hr />
  <Form
    onSubmit={[Function]}
    tag="form"
  >
    <h5>
      Basic info
    </h5>
    <br />
    <Row
      form={true}
      tag="div"
    >
      <Col
        md={4}
        tag="div"
        widths={
          Array [
            "xs",
            "sm",
            "md",
            "lg",
            "xl",
          ]
        }
      >
        <Label
          className="form-group has-float-label"
          tag="label"
          widths={
            Array [
              "xs",
              "sm",
              "md",
              "lg",
              "xl",
            ]
          }
        >
          <Input
            disabled={true}
            id="EditUser-first_name"
            name="first_name"
            onChange={[Function]}
            type="text"
          />
          <span>
            First name
          </span>
        </Label>
      </Col>
      <Col
        md={4}
        tag="div"
        widths={
          Array [
            "xs",
            "sm",
            "md",
            "lg",
            "xl",
          ]
        }
      >
        <Label
          className="form-group has-float-label"
          tag="label"
          widths={
            Array [
              "xs",
              "sm",
              "md",
              "lg",
              "xl",
            ]
          }
        >
          <Input
            disabled={true}
            id="EditUser-last_name"
            name="last_name"
            onChange={[Function]}
            type="text"
          />
          <span>
            Last name
          </span>
        </Label>
      </Col>
      <Col
        md={4}
        tag="div"
        widths={
          Array [
            "xs",
            "sm",
            "md",
            "lg",
            "xl",
          ]
        }
      >
        <Label
          className="form-group has-float-label"
          tag="label"
          widths={
            Array [
              "xs",
              "sm",
              "md",
              "lg",
              "xl",
            ]
          }
        >
          <Input
            disabled={true}
            id="EditUser-email"
            name="email"
            onChange={[Function]}
            type="email"
          />
          <span>
            Email
          </span>
        </Label>
      </Col>
    </Row>
    <hr />
    <h5>
      Company info
    </h5>
    <br />
    <Row
      form={true}
      tag="div"
    >
      <Col
        md={6}
        tag="div"
        widths={
          Array [
            "xs",
            "sm",
            "md",
            "lg",
            "xl",
          ]
        }
      >
        <Label
          className="form-group has-float-label"
          tag="label"
          widths={
            Array [
              "xs",
              "sm",
              "md",
              "lg",
              "xl",
            ]
          }
        >
          <Input
            disabled={true}
            id="EditUser-current_company"
            name="current_company"
            onChange={[Function]}
            type="text"
            value=""
          />
          <span>
            Current company
          </span>
        </Label>
      </Col>
      <Col
        md={6}
        tag="div"
        widths={
          Array [
            "xs",
            "sm",
            "md",
            "lg",
            "xl",
          ]
        }
      >
        <Label
          className="form-group has-float-label"
          tag="label"
          widths={
            Array [
              "xs",
              "sm",
              "md",
              "lg",
              "xl",
            ]
          }
        >
          <Input
            disabled={true}
            id="EditUser-hire_date"
            name="hire_date"
            onChange={[Function]}
            type="date"
            value="2019-09-03"
          />
          <span>
            Hire date
          </span>
        </Label>
      </Col>
    </Row>
    <Row
      form={true}
      tag="div"
    >
      <Col
        md={4}
        tag="div"
        widths={
          Array [
            "xs",
            "sm",
            "md",
            "lg",
            "xl",
          ]
        }
      >
        <Label
          className="form-group has-float-label"
          tag="label"
          widths={
            Array [
              "xs",
              "sm",
              "md",
              "lg",
              "xl",
            ]
          }
        >
          <Input
            disabled={true}
            id="EditUser-salary"
            name="salary"
            onChange={[Function]}
            step="10000"
            type="number"
          />
          <span>
            salary
          </span>
        </Label>
      </Col>
      <Col
        md={4}
        tag="div"
        widths={
          Array [
            "xs",
            "sm",
            "md",
            "lg",
            "xl",
          ]
        }
      >
        <Label
          className="form-group has-float-label"
          tag="label"
          widths={
            Array [
              "xs",
              "sm",
              "md",
              "lg",
              "xl",
            ]
          }
        >
          <Input
            disabled={true}
            id="EditUser-salary"
            name="equity"
            onChange={[Function]}
            step="0.1"
            type="number"
          />
          <span>
            Equity
          </span>
        </Label>
      </Col>
      <Col
        md={4}
        tag="div"
        widths={
          Array [
            "xs",
            "sm",
            "md",
            "lg",
            "xl",
          ]
        }
      >
        <Label
          className="form-group has-float-label"
          tag="label"
          widths={
            Array [
              "xs",
              "sm",
              "md",
              "lg",
              "xl",
            ]
          }
        >
          <Input
            disabled={true}
            id="EditUser-salary"
            name="bonus"
            onChange={[Function]}
            step="1000"
            type="number"
          />
          <span>
            Bonus
          </span>
        </Label>
      </Col>
    </Row>
    <hr />
    <Col
      align="left"
      tag="div"
      widths={
        Array [
          "xs",
          "sm",
          "md",
          "lg",
          "xl",
        ]
      }
    >
      <Button
        color="info"
        disabled={true}
        size="sm"
        tag="button"
      >
        Save
      </Button>
    </Col>
    <br />
  </Form>
</div>
`;

exports[`matches snapshot while loading 1`] = `
<div
  className="EditPUserForm container border rounded"
  style={
    Object {
      "backgroundColor": "#F4F6F8",
    }
  }
>
  <Row
    tag="div"
  >
    <Col
      md={6}
      tag="div"
      widths={
        Array [
          "xs",
          "sm",
          "md",
          "lg",
          "xl",
        ]
      }
    >
      <h3
        className="text-info"
      >
        User information
      </h3>
    </Col>
    <Col
      align="right"
      md={6}
      sm={
        Object {
          "offset": 0,
          "size": 8,
        }
      }
      tag="div"
      widths={
        Array [
          "xs",
          "sm",
          "md",
          "lg",
          "xl",
        ]
      }
    >
      <i
        className="fas fa-edit text-info"
        style={
          Object {
            "cursor": "pointer",
            "fontSize": "1.1em",
            "marginTop": "1em",
          }
        }
      />
    </Col>
  </Row>
  <hr />
  <Form
    onSubmit={[Function]}
    tag="form"
  >
    <h5>
      Basic info
    </h5>
    <br />
    <Row
      form={true}
      tag="div"
    >
      <Col
        md={4}
        tag="div"
        widths={
          Array [
            "xs",
            "sm",
            "md",
            "lg",
            "xl",
          ]
        }
      >
        <Label
          className="form-group has-float-label"
          tag="label"
          widths={
            Array [
              "xs",
              "sm",
              "md",
              "lg",
              "xl",
            ]
          }
        >
          <Input
            disabled={true}
            id="EditUser-first_name"
            name="first_name"
            onChange={[Function]}
            type="text"
          />
          <span>
            First name
          </span>
        </Label>
      </Col>
      <Col
        md={4}
        tag="div"
        widths={
          Array [
            "xs",
            "sm",
            "md",
            "lg",
            "xl",
          ]
        }
      >
        <Label
          className="form-group has-float-label"
          tag="label"
          widths={
            Array [
              "xs",
              "sm",
              "md",
              "lg",
              "xl",
            ]
          }
        >
          <Input
            disabled={true}
            id="EditUser-last_name"
            name="last_name"
            onChange={[Function]}
            type="text"
          />
          <span>
            Last name
          </span>
        </Label>
      </Col>
      <Col
        md={4}
        tag="div"
        widths={
          Array [
            "xs",
            "sm",
            "md",
            "lg",
            "xl",
          ]
        }
      >
        <Label
          className="form-group has-float-label"
          tag="label"
          widths={
            Array [
              "xs",
              "sm",
              "md",
              "lg",
              "xl",
            ]
          }
        >
          <Input
            disabled={true}
            id="EditUser-email"
            name="email"
            onChange={[Function]}
            type="email"
          />
          <span>
            Email
          </span>
        </Label>
      </Col>
    </Row>
    <hr />
    <h5>
      Company info
    </h5>
    <br />
    <Row
      form={true}
      tag="div"
    >
      <Col
        md={6}
        tag="div"
        widths={
          Array [
            "xs",
            "sm",
            "md",
            "lg",
            "xl",
          ]
        }
      >
        <Label
          className="form-group has-float-label"
          tag="label"
          widths={
            Array [
              "xs",
              "sm",
              "md",
              "lg",
              "xl",
            ]
          }
        >
          <Input
            disabled={true}
            id="EditUser-current_company"
            name="current_company"
            onChange={[Function]}
            type="text"
            value=""
          />
          <span>
            Current company
          </span>
        </Label>
      </Col>
      <Col
        md={6}
        tag="div"
        widths={
          Array [
            "xs",
            "sm",
            "md",
            "lg",
            "xl",
          ]
        }
      >
        <Label
          className="form-group has-float-label"
          tag="label"
          widths={
            Array [
              "xs",
              "sm",
              "md",
              "lg",
              "xl",
            ]
          }
        >
          <Input
            disabled={true}
            id="EditUser-hire_date"
            name="hire_date"
            onChange={[Function]}
            type="date"
            value="2019-09-03"
          />
          <span>
            Hire date
          </span>
        </Label>
      </Col>
    </Row>
    <Row
      form={true}
      tag="div"
    >
      <Col
        md={4}
        tag="div"
        widths={
          Array [
            "xs",
            "sm",
            "md",
            "lg",
            "xl",
          ]
        }
      >
        <Label
          className="form-group has-float-label"
          tag="label"
          widths={
            Array [
              "xs",
              "sm",
              "md",
              "lg",
              "xl",
            ]
          }
        >
          <Input
            disabled={true}
            id="EditUser-salary"
            name="salary"
            onChange={[Function]}
            step="10000"
            type="number"
          />
          <span>
            salary
          </span>
        </Label>
      </Col>
      <Col
        md={4}
        tag="div"
        widths={
          Array [
            "xs",
            "sm",
            "md",
            "lg",
            "xl",
          ]
        }
      >
        <Label
          className="form-group has-float-label"
          tag="label"
          widths={
            Array [
              "xs",
              "sm",
              "md",
              "lg",
              "xl",
            ]
          }
        >
          <Input
            disabled={true}
            id="EditUser-salary"
            name="equity"
            onChange={[Function]}
            step="0.1"
            type="number"
          />
          <span>
            Equity
          </span>
        </Label>
      </Col>
      <Col
        md={4}
        tag="div"
        widths={
          Array [
            "xs",
            "sm",
            "md",
            "lg",
            "xl",
          ]
        }
      >
        <Label
          className="form-group has-float-label"
          tag="label"
          widths={
            Array [
              "xs",
              "sm",
              "md",
              "lg",
              "xl",
            ]
          }
        >
          <Input
            disabled={true}
            id="EditUser-salary"
            name="bonus"
            onChange={[Function]}
            step="1000"
            type="number"
          />
          <span>
            Bonus
          </span>
        </Label>
      </Col>
    </Row>
    <hr />
    <Col
      align="left"
      tag="div"
      widths={
        Array [
          "xs",
          "sm",
          "md",
          "lg",
          "xl",
        ]
      }
    >
      <Button
        color="info"
        disabled={true}
        size="sm"
        tag="button"
      >
        Save
      </Button>
    </Col>
    <br />
  </Form>
</div>
`;
