// Jest Snapshot v1, https://goo.gl/fbAQLP

exports[`AdminTable matches snapshot 1`] = `undefined`;
