// Jest Snapshot v1, https://goo.gl/fbAQLP

exports[`AdminNavbar matches snapshot 1`] = `
<AdminNavbar>
  <div
    className="adminNavbar"
    onClick={[Function]}
  />
</AdminNavbar>
`;
